// Vitest Snapshot v1, https://vitest.dev/guide/snapshot.html

exports[`render webcam correctly 1`] = `
<div>
  <input
    accept="image/*"
    onClick={[Function]}
    style={
      {
        "display": "none",
      }
    }
    type="file"
  />
  <button
    onClick={[Function]}
    style={
      {
        "textTransform": "none",
      }
    }
    type="submit"
  >
    Camera
  </button>
</div>
`;
